2025-12-01T11:12:24.771+05:30  INFO 35896 --- [studentapp] [restartedMain] c.e.studentapp.StudentappApplication     : Starting StudentappApplication using Java 22.0.1 with PID 35896 (/home/avenues/opt/git-hub-repos/spring-boot-notes/practice-work/studentapp/target/classes started by avenues in /home/avenues/opt/git-hub-repos/spring-boot-notes/practice-work/studentapp)
2025-12-01T11:12:24.780+05:30  INFO 35896 --- [studentapp] [restartedMain] c.e.studentapp.StudentappApplication     : No active profile set, falling back to 1 default profile: "default"
2025-12-01T11:12:24.853+05:30  INFO 35896 --- [studentapp] [restartedMain] .e.DevToolsPropertyDefaultsPostProcessor : Devtools property defaults active! Set 'spring.devtools.add-properties' to 'false' to disable
2025-12-01T11:12:24.853+05:30  INFO 35896 --- [studentapp] [restartedMain] .e.DevToolsPropertyDefaultsPostProcessor : For additional web related logging consider setting the 'logging.level.web' property to 'DEBUG'
2025-12-01T11:12:25.544+05:30  INFO 35896 --- [studentapp] [restartedMain] .s.d.r.c.RepositoryConfigurationDelegate : Bootstrapping Spring Data JPA repositories in DEFAULT mode.
2025-12-01T11:12:25.566+05:30  INFO 35896 --- [studentapp] [restartedMain] .s.d.r.c.RepositoryConfigurationDelegate : Finished Spring Data repository scanning in 11 ms. Found 0 JPA repository interfaces.
2025-12-01T11:12:25.987+05:30  INFO 35896 --- [studentapp] [restartedMain] o.s.boot.tomcat.TomcatWebServer          : Tomcat initialized with port 8086 (http)
2025-12-01T11:12:26.001+05:30  INFO 35896 --- [studentapp] [restartedMain] o.apache.catalina.core.StandardService   : Starting service [Tomcat]
2025-12-01T11:12:26.002+05:30  INFO 35896 --- [studentapp] [restartedMain] o.apache.catalina.core.StandardEngine    : Starting Servlet engine: [Apache Tomcat/11.0.14]
2025-12-01T11:12:26.035+05:30  INFO 35896 --- [studentapp] [restartedMain] b.w.c.s.WebApplicationContextInitializer : Root WebApplicationContext: initialization completed in 1181 ms
2025-12-01T11:12:26.158+05:30  INFO 35896 --- [studentapp] [restartedMain] com.zaxxer.hikari.HikariDataSource       : HikariPool-1 - Starting...
2025-12-01T11:12:26.328+05:30  INFO 35896 --- [studentapp] [restartedMain] com.zaxxer.hikari.pool.HikariPool        : HikariPool-1 - Added connection conn0: url=jdbc:h2:mem:b969d52a-1350-4055-bc64-3fdff73c5ed6 user=SA
2025-12-01T11:12:26.330+05:30  INFO 35896 --- [studentapp] [restartedMain] com.zaxxer.hikari.HikariDataSource       : HikariPool-1 - Start completed.
2025-12-01T11:12:26.361+05:30  INFO 35896 --- [studentapp] [restartedMain] o.hibernate.jpa.internal.util.LogHelper  : HHH000204: Processing PersistenceUnitInfo [name: default]
2025-12-01T11:12:26.401+05:30  INFO 35896 --- [studentapp] [restartedMain] org.hibernate.Version                    : HHH000412: Hibernate ORM core version 7.1.8.Final
2025-12-01T11:12:26.822+05:30  INFO 35896 --- [studentapp] [restartedMain] o.s.o.j.p.SpringPersistenceUnitInfo      : No LoadTimeWeaver setup: ignoring JPA class transformer
2025-12-01T11:12:26.881+05:30  INFO 35896 --- [studentapp] [restartedMain] org.hibernate.orm.connections.pooling    : HHH10001005: Database info:
	Database JDBC URL [jdbc:h2:mem:b969d52a-1350-4055-bc64-3fdff73c5ed6]
	Database driver: H2 JDBC Driver
	Database dialect: H2Dialect
	Database version: 2.4.240
	Default catalog/schema: B969D52A-1350-4055-BC64-3FDFF73C5ED6/PUBLIC
	Autocommit mode: undefined/unknown
	Isolation level: READ_COMMITTED [default READ_COMMITTED]
	JDBC fetch size: 100
	Pool: DatasourceConnectionProviderImpl
	Minimum pool size: undefined/unknown
	Maximum pool size: undefined/unknown
2025-12-01T11:12:27.160+05:30  INFO 35896 --- [studentapp] [restartedMain] o.h.e.t.j.p.i.JtaPlatformInitiator       : HHH000489: No JTA platform available (set 'hibernate.transaction.jta.platform' to enable JTA platform integration)
2025-12-01T11:12:27.168+05:30  INFO 35896 --- [studentapp] [restartedMain] j.LocalContainerEntityManagerFactoryBean : Initialized JPA EntityManagerFactory for persistence unit 'default'
2025-12-01T11:12:27.219+05:30  WARN 35896 --- [studentapp] [restartedMain] JpaBaseConfiguration$JpaWebConfiguration : spring.jpa.open-in-view is enabled by default. Therefore, database queries may be performed during view rendering. Explicitly configure spring.jpa.open-in-view to disable this warning
2025-12-01T11:12:27.580+05:30  INFO 35896 --- [studentapp] [restartedMain] o.s.boot.tomcat.TomcatWebServer          : Tomcat started on port 8086 (http) with context path '/'
2025-12-01T11:12:27.587+05:30  INFO 35896 --- [studentapp] [restartedMain] c.e.studentapp.StudentappApplication     : Started StudentappApplication in 3.321 seconds (process running for 3.896)
2025-12-01T16:49:22.500+05:30  INFO 35896 --- [studentapp] [SpringApplicationShutdownHook] o.s.boot.tomcat.GracefulShutdown         : Commencing graceful shutdown. Waiting for active requests to complete
2025-12-01T16:49:22.504+05:30  INFO 35896 --- [studentapp] [tomcat-shutdown] o.s.boot.tomcat.GracefulShutdown         : Graceful shutdown complete
2025-12-01T16:49:22.509+05:30  INFO 35896 --- [studentapp] [SpringApplicationShutdownHook] j.LocalContainerEntityManagerFactoryBean : Closing JPA EntityManagerFactory for persistence unit 'default'
2025-12-01T16:49:22.522+05:30  WARN 35896 --- [studentapp] [SpringApplicationShutdownHook] o.s.b.f.support.DisposableBeanAdapter    : Invocation of destroy method failed on bean with name 'inMemoryDatabaseShutdownExecutor': org.h2.jdbc.JdbcSQLNonTransientConnectionException: Database is already closed (to disable automatic closing at VM shutdown, add ";DB_CLOSE_ON_EXIT=FALSE" to the db URL) [90121-240]
2025-12-01T16:49:22.524+05:30  INFO 35896 --- [studentapp] [SpringApplicationShutdownHook] com.zaxxer.hikari.HikariDataSource       : HikariPool-1 - Shutdown initiated...
2025-12-01T16:49:22.527+05:30  INFO 35896 --- [studentapp] [SpringApplicationShutdownHook] com.zaxxer.hikari.HikariDataSource       : HikariPool-1 - Shutdown completed.
2025-12-01T16:49:26.069+05:30  INFO 150520 --- [studentapp] [restartedMain] c.e.studentapp.StudentappApplication     : Starting StudentappApplication using Java 22.0.1 with PID 150520 (/home/avenues/opt/git-hub-repos/spring-boot-notes/practice-work/studentapp/target/classes started by avenues in /home/avenues/opt/git-hub-repos/spring-boot-notes/practice-work/studentapp)
2025-12-01T16:49:26.076+05:30  INFO 150520 --- [studentapp] [restartedMain] c.e.studentapp.StudentappApplication     : No active profile set, falling back to 1 default profile: "default"
2025-12-01T16:49:26.173+05:30  INFO 150520 --- [studentapp] [restartedMain] .e.DevToolsPropertyDefaultsPostProcessor : Devtools property defaults active! Set 'spring.devtools.add-properties' to 'false' to disable
2025-12-01T16:49:26.174+05:30  INFO 150520 --- [studentapp] [restartedMain] .e.DevToolsPropertyDefaultsPostProcessor : For additional web related logging consider setting the 'logging.level.web' property to 'DEBUG'
2025-12-01T16:49:27.044+05:30  INFO 150520 --- [studentapp] [restartedMain] .s.d.r.c.RepositoryConfigurationDelegate : Bootstrapping Spring Data JPA repositories in DEFAULT mode.
2025-12-01T16:49:27.071+05:30  INFO 150520 --- [studentapp] [restartedMain] .s.d.r.c.RepositoryConfigurationDelegate : Finished Spring Data repository scanning in 14 ms. Found 0 JPA repository interfaces.
2025-12-01T16:49:27.682+05:30  INFO 150520 --- [studentapp] [restartedMain] o.s.boot.tomcat.TomcatWebServer          : Tomcat initialized with port 8086 (http)
2025-12-01T16:49:27.707+05:30  INFO 150520 --- [studentapp] [restartedMain] o.apache.catalina.core.StandardService   : Starting service [Tomcat]
2025-12-01T16:49:27.708+05:30  INFO 150520 --- [studentapp] [restartedMain] o.apache.catalina.core.StandardEngine    : Starting Servlet engine: [Apache Tomcat/11.0.14]
2025-12-01T16:49:27.764+05:30  INFO 150520 --- [studentapp] [restartedMain] b.w.c.s.WebApplicationContextInitializer : Root WebApplicationContext: initialization completed in 1589 ms
2025-12-01T16:49:27.946+05:30  INFO 150520 --- [studentapp] [restartedMain] com.zaxxer.hikari.HikariDataSource       : HikariPool-1 - Starting...
2025-12-01T16:49:28.162+05:30  INFO 150520 --- [studentapp] [restartedMain] com.zaxxer.hikari.pool.HikariPool        : HikariPool-1 - Added connection conn0: url=jdbc:h2:mem:29aaee1c-ebe6-4a0c-bf6b-e8f8dc50133a user=SA
2025-12-01T16:49:28.165+05:30  INFO 150520 --- [studentapp] [restartedMain] com.zaxxer.hikari.HikariDataSource       : HikariPool-1 - Start completed.
2025-12-01T16:49:28.203+05:30  INFO 150520 --- [studentapp] [restartedMain] o.hibernate.jpa.internal.util.LogHelper  : HHH000204: Processing PersistenceUnitInfo [name: default]
2025-12-01T16:49:28.244+05:30  INFO 150520 --- [studentapp] [restartedMain] org.hibernate.Version                    : HHH000412: Hibernate ORM core version 7.1.8.Final
2025-12-01T16:49:28.749+05:30  INFO 150520 --- [studentapp] [restartedMain] o.s.o.j.p.SpringPersistenceUnitInfo      : No LoadTimeWeaver setup: ignoring JPA class transformer
2025-12-01T16:49:28.819+05:30  INFO 150520 --- [studentapp] [restartedMain] org.hibernate.orm.connections.pooling    : HHH10001005: Database info:
	Database JDBC URL [jdbc:h2:mem:29aaee1c-ebe6-4a0c-bf6b-e8f8dc50133a]
	Database driver: H2 JDBC Driver
	Database dialect: H2Dialect
	Database version: 2.4.240
	Default catalog/schema: 29AAEE1C-EBE6-4A0C-BF6B-E8F8DC50133A/PUBLIC
	Autocommit mode: undefined/unknown
	Isolation level: READ_COMMITTED [default READ_COMMITTED]
	JDBC fetch size: 100
	Pool: DatasourceConnectionProviderImpl
	Minimum pool size: undefined/unknown
	Maximum pool size: undefined/unknown
2025-12-01T16:49:29.160+05:30  INFO 150520 --- [studentapp] [restartedMain] o.h.e.t.j.p.i.JtaPlatformInitiator       : HHH000489: No JTA platform available (set 'hibernate.transaction.jta.platform' to enable JTA platform integration)
2025-12-01T16:49:29.167+05:30  INFO 150520 --- [studentapp] [restartedMain] j.LocalContainerEntityManagerFactoryBean : Initialized JPA EntityManagerFactory for persistence unit 'default'
2025-12-01T16:49:29.257+05:30  WARN 150520 --- [studentapp] [restartedMain] JpaBaseConfiguration$JpaWebConfiguration : spring.jpa.open-in-view is enabled by default. Therefore, database queries may be performed during view rendering. Explicitly configure spring.jpa.open-in-view to disable this warning
2025-12-01T16:49:29.781+05:30  INFO 150520 --- [studentapp] [restartedMain] o.s.boot.tomcat.TomcatWebServer          : Tomcat started on port 8086 (http) with context path '/'
2025-12-01T16:49:29.792+05:30  INFO 150520 --- [studentapp] [restartedMain] c.e.studentapp.StudentappApplication     : Started StudentappApplication in 4.344 seconds (process running for 4.932)
